// Jest Snapshot v1, https://goo.gl/fbAQLP

exports[`Given StartScreen component When the component renders with a message Then the component matches the snapshot 1`] = `
<View
  style={
    Object {
      "alignItems": "center",
      "flex": 1,
      "justifyContent": "center",
    }
  }
>
  <Text
    data-testing="litebike-title"
    style={
      Object {
        "color": "#1344ad",
        "fontSize": 40,
      }
    }
  >
    LiteBike
  </Text>
  <View
    accessibilityRole="button"
    accessibilityState={Object {}}
    accessible={true}
    focusable={true}
    onClick={[Function]}
    onResponderGrant={[Function]}
    onResponderMove={[Function]}
    onResponderRelease={[Function]}
    onResponderTerminate={[Function]}
    onResponderTerminationRequest={[Function]}
    onStartShouldSetResponder={[Function]}
    style={
      Object {
        "opacity": 1,
      }
    }
  >
    <View
      style={
        Array [
          Object {},
        ]
      }
    >
      <Text
        style={
          Array [
            Object {
              "color": "#007AFF",
              "fontSize": 18,
              "margin": 8,
              "textAlign": "center",
            },
            Object {
              "color": "#add8e6",
            },
          ]
        }
      >
        Start
      </Text>
    </View>
  </View>
</View>
`;
