// Jest Snapshot v1, https://goo.gl/fbAQLP

exports[`Given App component When the component renders Then the component matches the snapshot 1`] = `
<View
  style={
    Object {
      "alignItems": "center",
      "backgroundColor": "#fff",
      "flex": 1,
      "justifyContent": "center",
    }
  }
>
  <Text
    data-testing="hello-world"
    style={
      Object {
        "fontSize": 30,
      }
    }
  >
    Hello, world!
  </Text>
</View>
`;
